#-----------------------------------------------------------
# Vivado v2024.1 (64-bit)
# SW Build 5076996 on Wed May 22 18:37:14 MDT 2024
# IP Build 5075265 on Wed May 22 21:45:21 MDT 2024
# SharedData Build 5076995 on Wed May 22 18:29:18 MDT 2024
# Start of session at: Mon Oct 14 21:15:13 2024
# Process ID: 2544
# Current directory: C:/Users/dzemi/Desktop/AES-256-SystemVerilog
# Command line: vivado.exe -gui_launcher_event rodinguilauncherevent9904 C:\Users\dzemi\Desktop\AES-256-SystemVerilog\AES_VERILOG.xpr
# Log file: C:/Users/dzemi/Desktop/AES-256-SystemVerilog/vivado.log
# Journal file: C:/Users/dzemi/Desktop/AES-256-SystemVerilog\vivado.jou
# Running On        :DESKTOP-95HTTJA
# Platform          :Windows Server 2016 or Windows 10
# Operating System  :19045
# Processor Detail  :AMD Ryzen 7 2700X Eight-Core Processor         
# CPU Frequency     :3693 MHz
# CPU Physical cores:8
# CPU Logical cores :16
# Host memory       :68626 MB
# Swap memory       :10200 MB
# Total Virtual     :78827 MB
# Available Virtual :70625 MB
#-----------------------------------------------------------
start_gui
open_project C:/Users/dzemi/Desktop/AES-256-SystemVerilog/AES_VERILOG.xpr
create_fileset -simset EncryptTB
current_fileset -simset [ get_filesets EncryptTB ]
file mkdir C:/Users/dzemi/Desktop/AES-256-SystemVerilog/AES_VERILOG.srcs/EncryptTB/new
set_property SOURCE_SET sources_1 [get_filesets EncryptTB]
close [ open C:/Users/dzemi/Desktop/AES-256-SystemVerilog/AES_VERILOG.srcs/EncryptTB/new/EncryptTestBench.sv w ]
add_files -fileset EncryptTB C:/Users/dzemi/Desktop/AES-256-SystemVerilog/AES_VERILOG.srcs/EncryptTB/new/EncryptTestBench.sv
# Disabling source management mode.  This is to allow the top design properties to be set without GUI intervention.
set_property source_mgmt_mode None [current_project]
set_property top EncryptTestBench [get_filesets EncryptTB]
set_property top_lib xil_defaultlib [get_filesets EncryptTB]
# Re-enabling previously disabled source management mode.
set_property source_mgmt_mode DisplayOnly [current_project]
# Disabling source management mode.  This is to allow the top design properties to be set without GUI intervention.
set_property source_mgmt_mode None [current_project]
set_property top Encrypt [current_fileset]
# Re-enabling previously disabled source management mode.
set_property source_mgmt_mode DisplayOnly [current_project]
reset_run synth_1
launch_runs synth_1 -jobs 16
wait_on_run synth_1
reset_run synth_1
launch_runs synth_1 -jobs 16
wait_on_run synth_1
synth_design -top Encrypt -part xc7z020clg400-1 -lint 
synth_design -top Encrypt -part xc7z020clg400-1 -lint 
synth_design -top Encrypt -part xc7z020clg400-1 -lint 
reset_run synth_1
launch_runs synth_1 -jobs 16
wait_on_run synth_1
reset_run synth_1
launch_runs synth_1 -jobs 16
wait_on_run synth_1
