#-----------------------------------------------------------
# Vivado v2024.1 (64-bit)
# SW Build 5076996 on Wed May 22 18:37:14 MDT 2024
# IP Build 5075265 on Wed May 22 21:45:21 MDT 2024
# SharedData Build 5076995 on Wed May 22 18:29:18 MDT 2024
# Start of session at: Fri Aug 30 23:09:20 2024
# Process ID: 8072
# Current directory: C:/Users/dzemi/Desktop/VivadoProjects/AES_VERILOG
# Command line: vivado.exe -gui_launcher_event rodinguilauncherevent14080 C:\Users\dzemi\Desktop\VivadoProjects\AES_VERILOG\AES_VERILOG.xpr
# Log file: C:/Users/dzemi/Desktop/VivadoProjects/AES_VERILOG/vivado.log
# Journal file: C:/Users/dzemi/Desktop/VivadoProjects/AES_VERILOG\vivado.jou
# Running On        :DESKTOP-95HTTJA
# Platform          :Windows Server 2016 or Windows 10
# Operating System  :19045
# Processor Detail  :AMD Ryzen 7 2700X Eight-Core Processor         
# CPU Frequency     :3693 MHz
# CPU Physical cores:8
# CPU Logical cores :16
# Host memory       :68626 MB
# Swap memory       :10200 MB
# Total Virtual     :78827 MB
# Available Virtual :72625 MB
#-----------------------------------------------------------
start_gui
open_project C:/Users/dzemi/Desktop/VivadoProjects/AES_VERILOG/AES_VERILOG.xpr
update_compile_order -fileset sources_1
reset_run synth_1
launch_runs synth_1 -jobs 16
wait_on_run synth_1
launch_simulation
source AddRoundKey.tcl
add_force {/AddRoundKey/clk} -radix bin {0 0ns} {1 5000ps} -repeat_every 10000ps
add_force {/AddRoundKey/rst} -radix bin {0 0ns}
add_force {/AddRoundKey/round_key} -radix hex {6f6c6ccf0d0f0fac6f6c6ccf0d0f0fac 0ns}
add_force {/AddRoundKey/state} -radix hex {525d5f54525d5f54525d5f54525d5f54 0ns}
run 1 ns
run 1 ns
run 1 ns
run 1 ns
run 1 ns
run 1 ns
run 1 ns
run 1 ns
close_sim
# Disabling source management mode.  This is to allow the top design properties to be set without GUI intervention.
set_property source_mgmt_mode None [current_project]
set_property top Top [current_fileset]
# Re-enabling previously disabled source management mode.
set_property source_mgmt_mode All [current_project]
update_compile_order -fileset sources_1
